[
    {
        "name": "Флоран Мот",
        "role": "Сальери",
        "team": "Композиторы",
        "section": "Классицизм",
        "trello_labels": "Классицизм",
        "telegram": "@flo"
    }
]
