[
    {
        "name": "Классицизм",
        "vk_tag": "#vk_tag",
        "tg_tag": "#tg_tag"
    }
]
