{
    "id": "board_1",
    "name": "Редакция (тест)",
    "url": "https://trello.com/b/test_board_url"
}
