[
    {
      "id": "5ebc8811bc56ff5809c1f833",
      "type": "updateCard",
      "data": {
        "card": {
          "shortLink": "9qBC9AWi"
        },
        "listBefore": {
          "id": "list_8",
          "name": "Готово для верстки (Выпускающему)"
        },
        "listAfter": {
          "id": "list_4",
          "name": "На редактуре на след.неделю (не забудь тег рубрики!)"
        }
      },
      "date": "2020-05-13T23:51:45.420000Z"
    },
    {
      "id": "5eb8727f1218f340bc659093",
      "type": "updateCard",
      "data": {
        "card": {
          "shortLink": "9qBC9AWi"
        },
        "listBefore": {
          "id": null,
          "name": null
        },
        "listAfter": {
          "id": null,
          "name": null
        }
      },
      "date": "2020-05-10T21:30:39.132000Z"
    },
    {
      "id": "5eb8727f1218f340bc659091",
      "type": "updateCard",
      "data": {
        "card": {
          "shortLink": "9qBC9AWi"
        },
        "listBefore": {
          "id": "list_4",
          "name": "На редактуре на след.неделю (не забудь тег рубрики!)"
        },
        "listAfter": {
          "id": "list_8",
          "name": "Готово для верстки (Выпускающему)"
        }
      },
      "date": "2020-05-10T21:30:39.108000Z"
    }
]
