[
    {
      "id": "type_0",
      "name": "Автор"
    },
    {
      "id": "type_1",
      "name": "Google Doc"
    },
    {
      "id": "type_2",
      "name": "Редактор"
    },
    {
      "id": "type_3",
      "name": "Название поста"
    },
    {
      "id": "type_4",
      "name": "Иллюстратор"
    }
]
