[
    {
      "id": "card_1",
      "name": "Open Memory Map",
      "due": "2020-06-18T09:00:00.000000Z",
      "members": [],
      "labels": [
        {
          "id": "5e91d48a9e9d947b95fb0fd7",
          "name": "История",
          "color": "yellow"
        }
      ],
      "url": "https://trello.com/c/card_1",
      "list": {
        "id": "list_1",
        "name": "Готовая тема - автор, бери!",
        "idBoard": "board_id"
      }
    },
    {
      "id": "card_2",
      "due": null,
      "name": "тестовая карточка",
      "members": [
        {
          "id": "member_1",
          "username": "paulinmatavina",
          "fullName": "Paulin Matavina"
        }
      ],
      "list": {
        "id": "list_2",
        "name": "Уже пишу (не забудь указать дату и автора!)",
        "idBoard": "board_id"
      },
      "url": "https://trello.com/c/card_2",
      "labels": []
    }
  ]
