[
    {
      "id": "field_0",
      "value": "Илья Булгаков",
      "idCustomField": "type_0"
    },
    {
      "id": "field_1",
      "value": "https://docs.google.com/document/d/DOC1",
      "idCustomField": "type_1"
    },
    {
      "id": "field_2",
      "value": "Полина Матавина",
      "idCustomField": "type_2"
    }
]
